---
source: crates/codegen/xai-grok-pager/src/app/status_blocks.rs
expression: text
---
会话用量（自启动或最近一次恢复后）：
  输入 Token：    1,234,567（缓存命中 1,000,000）
  输出 Token：    45,678（推理 12,000）
  Token 总计：    1,280,245
  模型调用：      42 次 · API 耗时 3m12s
  输出速率：      238 tok/s（按 API 耗时平均）
  解码速率：      速率不可用（剔除首字延迟）
  费用：          $1.2345
