# install.sh on a machine that has never seen this repository -- 2026-10-02

Reproduce: `scripts/install-sh-in-docker.sh`
Host: Ubuntu 22.04 x86_64, Docker 29.8.1, container image `debian:bookworm-slim`.
Commit under test: the working tree whose `scripts/install.sh` is byte-identical to
`scripts/install.sh` at `3ceac9b1` (verified with `cmp` against `git show
3ceac9b1:scripts/install.sh`).
Scope: whether the command the README puts on its front page installs a verified
binary on a clean Linux machine, and whether the two integrity checks it claims to
perform are actually performed.

## Why this was not already known

The installers had only been checked by
`scripts/ci/test-installer-signature-policy.py`, which reads the script as text and
asserts that certain error strings exist in it. Text assertions cannot tell you that
the function containing them is never called, and one of them was not.

`scripts/install.sh` defined `verify_checksum()` -- fetch `SHA256SUMS`, find the entry
for the asset, compare, exit 1 on mismatch -- and had no call site for it. Before the
fix, `git show 73a9d7c8:scripts/install.sh | grep -n 'verify_checksum\|verify_signature'`
printed:

    478:verify_checksum() {          <- definition
    521:verify_signature() {
    585:verify_signature             <- the only integrity check that runs

so `curl -fsSL .../install.sh | bash` downloaded the ~160 MB artifact, printed nothing
about the published digest, and installed. Every error path inside the function
(`could not fetch SHA256SUMS`, `SHA256SUMS has no entry for`, `checksum mismatch`, and
the `checksum OK` success line) was unreachable, and the comment above it said the
opposite of the truth. `install.ps1` and `install.bat` do the same work inline, so
only the sh installer was affected.

## Run 1: what the clean-machine run reported

`scripts/install-sh-in-docker.sh` installs into a stock `debian:bookworm-slim`
container whose only added packages are `curl`, `python3`, `python3-cryptography` --
no cargo, no repository, no prior `~/.chaos`, and no `CHAOS_SIGNING_PUBLIC_KEY` passed
in. Two checks failed:

    FAILED no 'checksum OK' line: the published SHA256SUMS was not consulted
    FAILED a blank key did not fail fast (exit 0); output was: Chaos installer ...

The first is the defect above. The second was a bug in the harness, and it mattered
more than it looks:

    install_out=$(in_container sh -c "CHAOS_SIGNING_PUBLIC_KEY=\"\"; bash ... ")

`VAR=x; cmd` assigns a shell variable and then runs the command *without* it, so
neither fail-closed control ever reached the installer. The blank-key run used the
built-in key and exited 0; the foreign-key control, which was next in line and had not
run yet, would have done the same -- i.e. the two checks that exist to prove the
signature line is not vacuous were themselves vacuous. `run_install` now goes through
`env` (`env CHAOS_SIGNING_PUBLIC_KEY= bash ...`), and the script refuses to continue
until a probe confirms the controls can reach the child's environment:

    ok  the controls really do set CHAOS_SIGNING_PUBLIC_KEY in the child's environment

## Fixes

1. `verify_checksum` is called before `verify_signature`, both before `chmod +x`.
2. `scripts/ci/test-installer-signature-policy.py` asserts structurally that a
   definition is not enough: each of `verify_checksum` / `verify_signature` must appear
   exactly once as a top-level call, in that order, and before `chmod +x "$TMP"`.
   Mutation-verified -- deleting the call line makes the test fail with
   `verify_checksum must be called exactly once at the top level (found 0 call sites)`,
   and restoring it makes the suite pass (7 tests).

## Run 2: 19 checks, all passing

    == the machine doing the installing
       ok  container is up: Linux 6.8.0-138-generic x86_64
       ok  prerequisites install from distro packages: curl, python3, python3-cryptography
           python3 3.11.2, cryptography 38.0.4
       ok  no prior install to inherit: no ~/.chaos, no chaos on PATH, no cargo
       ok  the built-in key is the repository's CHAOS_SIGNING_PUBLIC_KEY

    == the command README tells users to run
       ok  install.sh exited 0 with no CHAOS_SIGNING_PUBLIC_KEY in the environment
       ok  the digest was checked: checksum OK (0ee7d6ee3c92159d2b013c7d081cf2cc265d2d59a808ebb0fb9f2554a7b4bfa2)
       ok  the signature was checked: signature OK

    == what landed on disk
       ok  the artifact is stored under the versioned name auto-update expects: /root/.chaos/downloads/chaos-0.4.2-linux-x86_64
       ok  bin/chaos -> ../downloads/chaos-0.4.2-linux-x86_64 (relative, so it survives a bind-mount that remaps $HOME)
       ok  bin/chaos resolves and is executable
       ok  bin/agent points at the same artifact
       ok  downloads/chaos-latest names the current version
       ok  the installed binary runs and reports: chaos 0.4.2 (8503250745ff)
       ok  PATH was configured in a shell rc

    == a second run
       ok  re-running is a no-op: already installed: chaos 0.4.2 (8503250745ff)

    == controls: the signature check has to be able to say no
       ok  the controls really do set CHAOS_SIGNING_PUBLIC_KEY in the child's environment
       ok  a blank key is refused before any download starts
       ok  a valid-but-foreign key is refused with 'signature verification FAILED'
       ok  the refused install left the working artifact untouched (0ee7d6ee3c92159d2b013c7d081cf2cc265d2d59a808ebb0fb9f2554a7b4bfa2)

    all 19 check(s) passed

Two details worth keeping. The foreign-key run prints `checksum OK` and *then*
refuses, which is the intended order -- the digest catches a corrupt or swapped
transfer, the signature is what establishes provenance, and neither is load-bearing
alone. And the digest above is the same `0ee7d6ee…a7b4bfa2` that
`scripts/verify-release-signature.sh --tag v0.4.2` recomputed independently from the
release page (see `release-signature-v0.4.2-2026-10-02.log`), so the installer and that
script are looking at the same bytes.

## Cross-checks after the run

- `cmp` says the script that ran in the container is identical to
  `scripts/install.sh` at `3ceac9b1`, so the transcript describes committed content.
- `https://raw.githubusercontent.com/chao2hang/chaos-code/main/scripts/install.sh`
  is now byte-identical to the working tree. During run 1 it was not (that run printed
  a note about it), because `main` still had the version without the checksum call:
  the one-liner a reader copies from the README was behind the fix until `3ceac9b1`
  was pushed.
- The `built-in key is the repository's CHAOS_SIGNING_PUBLIC_KEY` check reads the
  Actions variable with `gh variable get` and compares it to
  `DEFAULT_SIGNING_PUBLIC_KEY` in the script under test, so the key the installer ships
  and the key the release signs against cannot drift apart silently.

## What this file is NOT evidence about

- `install.ps1` and `install.bat`. Nothing has executed either one. Separately found
  in this round: `install.ps1` did not even parse (`The Try statement is missing its
  Catch or Finally block`) since `21f5a186`; fixed in `4d3eb266` and now gated by
  `scripts/ci/check-powershell-syntax.py`. Parsing is not installing.
- macOS, or Linux on arm64. The container was x86_64 Debian and picked
  `chaos-linux-x64`.
- The mirror paths. The run used the origin URL; `CHAOS_GITHUB_MIRROR`, `CHAOS_CN=1`
  and the public fallback list were not exercised.
- The escape hatches. `CHAOS_SKIP_CHECKSUM=1` and `CHAOS_SKIP_SIGNATURE=1` were not
  exercised -- the run asserts the opposite, that no skip line appeared.
- The upgrade path over an existing install of a *different* version, or a
  pre-existing `~/.chaos` written by an older release. The container started clean and
  the second run was the same version, i.e. a no-op.
- That `chaos update` afterwards verifies and installs a newer release. That is
  `docs/verification/updater-feed-e2e-2026-10-02.log` (loopback feed) and
  `docs/verification/release-signature-v0.4.2-2026-10-02.log` (real bytes, real key),
  each with its own limits.
- Version currency: `v0.4.2` is the newest published release; the repository is ahead
  of it. Re-run against the new tag after the next release.


---

## Re-run 2026-10-03: 19/19 again, and this time under a ceiling the harness owns

`bash scripts/install-sh-in-docker.sh` was run again from a tree whose `scripts/install.sh` is
byte-identical to `scripts/install.sh` at `1487aded` (proved with `cmp`), and whose published copy at
`https://raw.githubusercontent.com/chao2hang/chaos-code/main/scripts/install.sh` is byte-identical to
that same file (`cmp` against a `curl -fsSL` of the URL, and the lab performs the same comparison
itself as one of its 19 checks).

**This is no longer the script the sections above tested.** The header of this file names `3ceac9b1`
as the commit under test; that is now two changes behind. `download_github()` gained a
`min_bytes` floor (`3cd03151`, then `88511413`): a released artifact is over 150 MB, so a `200` whose
body is smaller than the floor is treated as a truncated transfer or a proxy body, the candidate is
removed, and the reason is carried into the final error. Before that, a short 200 reached the checksum
step and failed there, pointing at the digest for what was a transport problem. A run of this lab is
only worth keeping if it says *which* installer it ran, which is why the commit is named above rather
than assumed from the previous section.

**Why a re-run was owed at all.** The 2026-10-02 run of this lab died inside the harness: every Docker
lab in the repository kept its container alive with `--entrypoint sleep <image> 3600`, so the container's
PID 1 exited one hour after start and SIGKILLed the `docker exec` in flight. On a 150 MB download the
lab reported `install.sh exited 137 using only its built-in key` plus two "no OK line" failures -- three
red checks about an installer that had not been given the chance to finish. The ceiling is now
`CHAOS_LAB_KEEPALIVE` (six hours, printed at start so a transcript records the harness's own limit).
The first line of the header below is that print. A green re-run after a harness fix is a different
claim from a green run before it: it says the previous green and the intermediate red describe the
same script.

Transcript, verbatim (tail of `bash scripts/install-sh-in-docker.sh`):

```
== the machine doing the installing
   image:        debian:bookworm-slim (stock Debian; no cargo, no repo, no prior install)
   installer:    scripts/install.sh (working tree)
   repo:         chao2hang/chaos-code
   built-in key: A+938NxEPRqBrn6P/393upsO4Arcdwt3/H6F2eC8aHM=
   keep-alive:   the container stops after 21600s; a longer download needs CHAOS_LAB_KEEPALIVE
   ok  container is up: Linux 6.8.0-138-generic x86_64
   ok  prerequisites install from distro packages: curl, python3, python3-cryptography
   python3 3.11.2, cryptography 38.0.4
   ok  no prior install to inherit: no ~/.chaos, no chaos on PATH, no cargo
   ok  the built-in key is the repository's CHAOS_SIGNING_PUBLIC_KEY

== the command README tells users to run
   ok  the published https://raw.githubusercontent.com/chao2hang/chaos-code/main/scripts/install.sh is byte-identical to the script under test
     | Chaos installer
     |   repo:    chao2hang/chaos-code
     |   version: 0.4.2
     |   asset:   chaos-linux-x64
     |   store:   /root/.chaos/downloads/chaos-0.4.2-linux-x86_64
     |   dest:    /root/.chaos/bin/chaos -> ../downloads/chaos-0.4.2-linux-x86_64
     |   origin:  https://github.com/chao2hang/chaos-code/releases/download/v0.4.2/chaos-linux-x64
     |   mirror:  origin first, then public fallbacks
     | downloading...
     |   try: https://github.com/chao2hang/chaos-code/releases/download/v0.4.2/chaos-linux-x64
     |   from: https://github.com/chao2hang/chaos-code/releases/download/v0.4.2/chaos-linux-x64
     |   try: https://github.com/chao2hang/chaos-code/releases/download/v0.4.2/SHA256SUMS
     | checksum OK (0ee7d6ee3c92159d2b013c7d081cf2cc265d2d59a808ebb0fb9f2554a7b4bfa2)
     | signature OK
     | installed: /root/.chaos/bin/chaos -> ../downloads/chaos-0.4.2-linux-x86_64
     | chaos 0.4.2 (8503250745ff)
   ok  install.sh exited 0 with no CHAOS_SIGNING_PUBLIC_KEY in the environment
   ok  the digest was checked: checksum OK (0ee7d6ee3c92159d2b013c7d081cf2cc265d2d59a808ebb0fb9f2554a7b4bfa2)
   ok  the signature was checked: signature OK

== what landed on disk
   ok  the artifact is stored under the versioned name auto-update expects: /root/.chaos/downloads/chaos-0.4.2-linux-x86_64
   ok  bin/chaos -> ../downloads/chaos-0.4.2-linux-x86_64 (relative, so it survives a bind-mount that remaps $HOME)
   ok  bin/chaos resolves and is executable
   ok  bin/agent points at the same artifact
   ok  downloads/chaos-latest names the current version
   ok  the installed binary runs and reports: chaos 0.4.2 (8503250745ff)
   ok  PATH was configured in a shell rc

== a second run
   ok  re-running is a no-op: already installed: chaos 0.4.2 (8503250745ff)

== controls: the signature check has to be able to say no
   ok  the controls really do set CHAOS_SIGNING_PUBLIC_KEY in the child's environment
   ok  a blank key is refused before any download starts
     |   from: https://github.com/chao2hang/chaos-code/releases/download/v0.4.2/chaos-linux-x64
     |   try: https://github.com/chao2hang/chaos-code/releases/download/v0.4.2/SHA256SUMS
     | checksum OK (0ee7d6ee3c92159d2b013c7d081cf2cc265d2d59a808ebb0fb9f2554a7b4bfa2)
     | error: signature verification FAILED for chaos-linux-x64
     |   The binary may have been tampered with. Refusing to install.
     |   To bypass (NOT recommended), set CHAOS_SKIP_SIGNATURE=1.
   ok  a valid-but-foreign key is refused with 'signature verification FAILED'
   ok  the refused install left the working artifact untouched (0ee7d6ee3c92159d2b013c7d081cf2cc265d2d59a808ebb0fb9f2554a7b4bfa2)

all 19 check(s) passed
```

The blank-key control is placed before the download on purpose: refusing *after* fetching 150 MB would
still be a refusal, but it would not prove the key is validated up front, which is the property that
keeps a mistaken environment variable from spending the bandwidth and half-writing a store. The foreign-
key control is the opposite half -- a key that parses as a valid Ed25519 key but did not sign this build
must be refused by the signature check, not by the parse, and the transcript shows the checksum passing
first and the signature line refusing after it. The third control in that section is the one that makes
the other two worth reading: the refused install left the artifact already in the store at the same
digest, so a failed control run does not poison the machine for the next one.

Cross-checks after the run:

- `gh release list` still reports `v0.4.2` as latest (published 2026-09-23T13:18:43Z), so the version
  the lab installed is still the newest published one; the repository is ahead of it, unchanged from
  the section above.
- The digest the installer checked (`0ee7d6ee3c92159d2b013c7d081cf2cc265d2d59a808ebb0fb9f2554a7b4bfa2`)
  is the same one recorded on 2026-10-02 and the same one in
  `docs/verification/release-signature-v0.4.2-2026-10-02.log`, i.e. the published artifact has not been
  re-uploaded underneath these transcripts.
- `cmp` on the published raw `main` copy versus the tree copy: identical (the lab asserts the same thing
  from inside the container, before it runs the installer).

What this re-run does NOT change: every limit in "What this file is NOT evidence about" still applies
unchanged -- `install.ps1` and `install.bat` have still never been executed, no macOS or arm64, mirrors
and `CHAOS_CN=1` untouched, `CHAOS_SKIP_CHECKSUM`/`CHAOS_SKIP_SIGNATURE` unexercised, no upgrade across
differing versions, and the escape hatches are asserted absent rather than tested present.

`scripts/install.sh` has not been touched since that run: `git log --oneline -1 -- scripts/install.sh`
still names `88511413`, and `cmp` of the file at `1487aded` against the file at `ef33dfd9` (the head
pushed on 2026-10-03) reports no difference. So this transcript still describes the installer that is
on `main`, and no re-run is owed for the commits since.


## Re-run 2026-10-04: 19/19 again, one installer commit later, on a mirror nobody vetted

The re-run above is dated 2026-10-03. `scripts/install.sh` has been touched once since then,
by `021b5453` (2026-10-04), the commit that stopped the mirror loop from dying on a failed
`wc`; the lab had not run since. It is green: the same 19 counted checks, and all 20 of its
`ok` lines are byte-identical to the run above (`diff` over the extracted lines reports
nothing). The installer the container ran is the working-tree copy, which `cmp` finds
identical to `scripts/install.sh` at `36d0809e`, so the result belongs to that commit.

    $ bash scripts/install-sh-in-docker.sh

    == the machine doing the installing
       image:        debian:bookworm-slim (stock Debian; no cargo, no repo, no prior install)
       installer:    scripts/install.sh (working tree)
       repo:         chao2hang/chaos-code
       built-in key: A+938NxEPRqBrn6P/393upsO4Arcdwt3/H6F2eC8aHM=
       keep-alive:   the container stops after 21600s; a longer download needs CHAOS_LAB_KEEPALIVE
       ok  container is up: Linux 6.8.0-138-generic x86_64
       ok  prerequisites install from distro packages: curl, python3, python3-cryptography
       python3 3.11.2, cryptography 38.0.4
       ok  no prior install to inherit: no ~/.chaos, no chaos on PATH, no cargo
       ok  the built-in key is the repository's CHAOS_SIGNING_PUBLIC_KEY

    == the command README tells users to run
       ok  the published https://raw.githubusercontent.com/chao2hang/chaos-code/main/scripts/install.sh is byte-identical to the script under test
         | Chaos installer
         |   repo:    chao2hang/chaos-code
         |   version: 0.4.2
         |   asset:   chaos-linux-x64
         |   store:   /root/.chaos/downloads/chaos-0.4.2-linux-x86_64
         |   dest:    /root/.chaos/bin/chaos -> ../downloads/chaos-0.4.2-linux-x86_64
         |   origin:  https://github.com/chao2hang/chaos-code/releases/download/v0.4.2/chaos-linux-x64
         |   mirror:  origin first, then public fallbacks
         | downloading...
         |   try: https://github.com/chao2hang/chaos-code/releases/download/v0.4.2/chaos-linux-x64
         |   try: https://ghfast.top/https://github.com/chao2hang/chaos-code/releases/download/v0.4.2/chaos-linux-x64
         |   from: https://ghfast.top/https://github.com/chao2hang/chaos-code/releases/download/v0.4.2/chaos-linux-x64
         |   try: https://github.com/chao2hang/chaos-code/releases/download/v0.4.2/SHA256SUMS
         | checksum OK (0ee7d6ee3c92159d2b013c7d081cf2cc265d2d59a808ebb0fb9f2554a7b4bfa2)
         | signature OK
         | installed: /root/.chaos/bin/chaos -> ../downloads/chaos-0.4.2-linux-x86_64
         | chaos 0.4.2 (8503250745ff)
         | appended PATH export to /root/.bashrc
         | 
         | OK. Verify (this session may need PATH first — curl|bash does not update the parent shell):
         |   export PATH="/root/.chaos/bin:$PATH"
         |   chaos --version
         | Or use the full path: /root/.chaos/bin/chaos --version
         | New terminals pick up PATH from your shell rc automatically.
       ok  install.sh exited 0 with no CHAOS_SIGNING_PUBLIC_KEY in the environment
       ok  the digest was checked: checksum OK (0ee7d6ee3c92159d2b013c7d081cf2cc265d2d59a808ebb0fb9f2554a7b4bfa2)
       ok  the signature was checked: signature OK

    [the checks on what landed on disk, and the second run, elided: quoted in full in the run
     above]

    == controls: the signature check has to be able to say no
       ok  the controls really do set CHAOS_SIGNING_PUBLIC_KEY in the child's environment
       ok  a blank key is refused before any download starts
         |   from: https://github.com/chao2hang/chaos-code/releases/download/v0.4.2/chaos-linux-x64
         |   try: https://github.com/chao2hang/chaos-code/releases/download/v0.4.2/SHA256SUMS
         | checksum OK (0ee7d6ee3c92159d2b013c7d081cf2cc265d2d59a808ebb0fb9f2554a7b4bfa2)
         | error: signature verification FAILED for chaos-linux-x64
         |   The binary may have been tampered with. Refusing to install.
         |   To bypass (NOT recommended), set CHAOS_SKIP_SIGNATURE=1.
       ok  a valid-but-foreign key is refused with 'signature verification FAILED'
       ok  the refused install left the working artifact untouched (0ee7d6ee3c92159d2b013c7d081cf2cc265d2d59a808ebb0fb9f2554a7b4bfa2)

    all 19 check(s) passed

Exit status 0, 81 lines, finished 16:40 +0800.

**One thing the transcript shows that the green does not cover.** In the section above, the
fetch lines come out in this order: `try:` the origin, then `try:` the mirror, then `from:`
the mirror. The origin was tried, dropped, and the 161,233,728-byte artifact (`content-length`
from `curl -sIL` against that URL today) came from `ghfast.top` instead -- and a run that
succeeds this way says nothing about why origin was skipped. `download_github` collects every
candidate's reason in `reasons`, but prints them only on the `download failed for` path
(`scripts/install.sh:335`-`341`), so the reasons for the candidates that lost are thrown away
the moment one candidate wins. A user who gets a working install from a mirror has no way to
learn that origin was unreachable, or answered with an HTML error page, or truncated -- which
is the same information the 2026-10-03 section above needed and could not get.

The same call site is the one fetch in the installer with no ceiling: `scripts/install.sh:530`
is `download_github "$ORIGIN_URL" "$TMP" 12 0 1048576`, so `max_time` is 0 and `--max-time` is
never added, and no `--speed-limit` is passed either. That is deliberate -- the comment above
it says a 140 MB+ asset must not be cut off mid-transfer -- but with origin-first ordering it
means a candidate that trickles bytes holds the run for as long as it likes, and "downloading
at 3 KB/s" is indistinguishable from "hung". The lab cannot see this either: it waits for the
installer rather than bounding it, and its only ceiling, `CHAOS_LAB_KEEPALIVE`, stops the
container rather than the fetch. Recorded against the installer as an open item rather than
turned into a red here, because every check the lab makes did pass.
