# Remote artifact provenance -- the install trust chain, run end to end (2026-10-02)

## What this file is evidence for

`chaos-remote install` used to trust one thing: a sha256 digest computed by whoever
sent the bytes. That digest proves the bytes arrived intact; it does not prove who
made them. The change under test makes the host refuse an artifact it cannot
attribute, before it touches the filesystem, with reason codes
(`signature_missing`, `signature_malformed`, `signature_invalid`, `no_trusted_key`,
`artifact_too_large`, `wrong_platform`) and named opt-outs
(`--trust-signing-key`, `CHAOS_SIGNING_PUBLIC_KEY`, `--allow-unsigned-artifact`,
`CHAOS_REMOTE_REQUIRE_SIGNATURE=0`).

## How to reproduce

    cargo test -p xai-grok-signature --offline
    cargo test -p chaos-engine --offline --lib
    cargo test -p chaos-engine --offline --test remote_workspace
    bash scripts/remote-acceptance-in-docker.sh

## Rust tests, run 2026-10-02 (Ubuntu 22.04 x86_64, cargo --offline)

    $ cargo test -p xai-grok-signature --offline
    test result: ok. 20 passed; 0 failed; 0 ignored; ...
    $ cargo test -p chaos-engine --offline --test remote_workspace
    test result: ok. 13 passed; 0 failed; 0 ignored; ...
    $ cargo test -p chaos-engine --offline --lib
    test result: ok. 190 passed; 0 failed; 0 ignored; ...

`tests/remote_workspace.rs` drives the real `chaos-remote-server` over a real socket
with the real CLI, so the signature path is exercised through the protocol, not
against a mock of it.

## Docker acceptance lab, full transcript

Host: Ubuntu 22.04 x86_64. Remote host container: `chaos-verify:local` (Debian 12,
git, python3, ripgrep) -- a stock Linux that has never seen this repository and whose
only chaos binaries are the two copied in. 130 checks, 0 failures. Tokens are 64-hex
one-time credentials and are never printed by the script.


== building the artifacts on this machine
    Blocking waiting for file lock on artifact directory
    Finished `dev` profile [unoptimized] target(s) in 2m 24s

== starting the clean remote host container (chaos-verify:local)
   remote host: NAME="Debian GNU/Linux", x86_64
   its only chaos binaries are the ones copied in: chaos-remote-server 
   ok  the remote host's git will read the served repository

== the artifacts run on a stock Linux that has never seen this repository
   ok  the server artifact starts and reports a version
   ok  the client artifact starts

== a routable address is refused where it is parsed, on both sides
   ok  the server refuses 0.0.0.0 as a listen address
   ok  the client refuses a routable dial address
   ok  a server with no transport is refused instead of guessing

== starting the server, loopback-only, on the remote host
   ok  the host says at startup that it accepts unsigned artifacts
   credentials published: 256
   ok  the listener is reachable on loopback

== version negotiation and the capabilities this session was granted
   ok  ping reports the negotiated protocol
   ok  info reports the server build
   ok  info grants write
   ok  info grants tool-execution

== listing, reading and searching the remote workspace
   ok  list shows the tracked files
   ok  list does not expose the .git directory
   ok  cat returns the committed bytes
   ok  search reports a 1-based line number
   ok  a read delivered the same bytes that are on the remote disk
   ok  a Range read returns the requested window

== a write through the tunnel lands on the remote disk
   ok  write reports the bytes and the digest it stored
   ok  the file is on the remote host with those bytes
   ok  a stale digest is refused instead of overwriting
   ok  the refused write left the file untouched

== git diff is produced by the remote host's own git
   ok  diff shows the uncommitted change

== tool execution, and the edge of the allowlist
   ok  an allowlisted program runs remotely
   ok  the remote program's exit status is propagated
   ok  a program that was not allowlisted is refused
   ok  a program that hits its timeout is killed

== paths that leave the served workspace are refused, not resolved
   ok  refused: cat ../../etc/os-release
   ok  refused: read /etc/passwd
   ok  refused: cat ../../../etc/hostname
   ok  refused: write ../escape.txt --text x --mkdir
   ok  refused: write /etc/escape.txt --text x

== credentials are one-time: a replayed one is refused
   ok  the credential is accepted once
   ok  the same credential refused a second time
   ok  a credential the server never issued is refused

== a credential past its ttl is refused
   ok  an expired credential is refused as expired, not as a replay

== the server log carries no credential material and no errors
   ok  no credential-shaped secret appears in the server log
   ok  no live credential appears in the server log
   ok  no authorization header material in the log
   ok  the server reported no error doing any of the above

== capabilities this build does not implement are named, not faked
   ok  --capability interactive-pty is refused by the client
   ok  --capability detached-agent is refused by the client
   ok  an unknown capability name is refused

== a server started with --no-write really cannot be written to
   ok  the read-only server answers
   ok  write is absent from the capabilities it granted
   ok  a write against the read-only server is refused

== two remote workspaces keep their own state
   ok  the second server lists only its own file
   ok  the second server cannot read the first workspace
   ok  the first server still reads its own
   ok  a credential published by one server opens nothing at the other

== deploying a new server build over the session
   ok  install publishes 9.9.9 and says the running process is still the old build
   ok  the pointer on the remote host selects 9.9.9
   ok  the version is recorded next to the artifact
   ok  the deployed artifact is byte-identical to the uploaded one
   ok  the deployed artifact starts on the remote host

== an upload that fails part-way leaves the installed version alone
   ok  the first deployment fits
   ok  a small file is written before the disk fills
   ok  a deployment that no longer fits is refused
   ok  no version directory was published for the failed upload
   ok  the pointer still selects the version that was working
   ok  the installed artifact still starts after the failed upgrade
   ok  a write that no longer fits is refused
   ok  the failed write left no partial file behind
   ok  the file written before the disk filled is still readable

== an artifact the host will not execute is refused rather than published
   ok  the workspace is a filesystem the host will not execute from
   ok  and a 0755 file in it really is unrunnable
   ok  an install the host could never start is refused
   ok  no pointer was published for an artifact that cannot run
   ok  the upgrade is refused and the pointer is put back, reported together
   ok  the pointer still selects the version installed before the attempt

== an artifact is installed only if a key the host was told about signed these bytes
   ok  the publisher key is 32 raw ed25519 bytes, base64
   ok  the sidecar is the wrapped base64 a shell pipeline leaves behind
   ok  that host says at startup whose signature it will accept
   ok  an artifact with no signature is refused by a host with a key
   ok  the same build is installed once its sidecar is there
   ok  the sidecar was found next to the artifact, not named on the command line
   ok  a signature from a key this host was never told about is refused
   ok  bytes changed after signing are refused though their digest is correct
   ok  a file that is not a signature at all is refused by name
   ok  the four refusals published nothing
   ok  and left no half-written upload behind in the install directory
   ok  what it did install is byte-identical to what the key signed
   ok  the same unsigned build installs on the host that opted out
   ok  a keyless host says at startup that every install will be refused
   ok  a keyless host refuses an unsigned deploy
   ok  and refuses a correctly signed one too, because it has nothing to check it against
   ok  the keyless host published nothing at all
   ok  the environment switch is reported at startup as well
   ok  CHAOS_REMOTE_REQUIRE_SIGNATURE=0 installs the unsigned build
   ok  opting out of the requirement does not let a host accept a signature it cannot check
   ok  that host says both things at once: unsigned is accepted, a key is held
   ok  it installs the unsigned build, because that is what it opted into
   ok  and still refuses a signature its own key did not make
   ok  while the build that key did sign still installs
   ok  a build for another platform is refused by the host it was sent to
   ok  the platform refusal published nothing
   ok  and the host is still pointing at what it had

== a dropped connection mid-session fails instead of hanging
   ok  the in-flight exec failed after 2s with exit 1
   ok  a new session works once the tunnel is back
   ok  the server is still serving after the drop

== a reply that never arrives ends the session instead of hanging
   ok  the 8s exec was abandoned after 2s, and named as exec
   ok  the credential the abandoned run sent is out of the file (7 -> 6)
   ok  a new session opens while the abandoned request still runs remotely

== a transport that is not up yet can be waited for, and by default is not
   ok  with no --connect-wait the dead port was refused after 0s
   ok  3s in, still waiting with nothing to connect to
   ok  the session opened 3s in, as soon as the tunnel appeared

== a peer that accepts and never speaks is a timeout, not a hang
   ok  the mute peer was given up on after 30s and reported as the handshake

== port forwarding: the operator's allowlist picks the target, not the client
   ok  nothing answers on the local forward port yet
   ok  a session that was not granted port-forward opens no forward

== a server that would forward nothing refuses to start
   ok  the capability on its own is refused, because it can only refuse
   ok  a grant allowed zero connections is refused
   ok  a grant with a zero lifetime is refused

== the server whose operator named a target forwards to it, and only to it
   ok  the server says out loud what it will forward to
   ok  naming a target brings the capability with it
   ok  forwarding did not cost the session its access to the workspace
   ok  a target the operator did not list is refused, though something listens there
   ok  the local end may not sit on a routable address
   ok  neither refused forward left a listener behind

== the bytes a forward carries are the bytes on the remote host
   ok  the client asked for 600s and was given the server's 300s ceiling
   ok  the served file came back with the digest it has on the remote disk
   ok  a second connection to the same forward is answered
   ok  the target's own 404 comes back through the tunnel

== the grant is what ends a forward, and the local port goes with it
   ok  the port came back when the forward was stopped
   ok  the first of the two connections works
   ok  the second works too
   ok  it counted the two connections it carried
   ok  a spent grant leaves nothing listening on the local port

== an upgraded connection survives the tunnel, which is what a Web page needs
   ok  what it will look for is unreadable from the developer machine
   ok  a WebSocket handshake completes through the forward
   ok  and the port is gone once the session that used it is over

== summary
all 130 M4 acceptance checks passed against chaos-verify:local


---

## Re-run 2026-10-03: the signature call site is load-bearing, re-measured from scratch

The 2026-10-02 run of this lab recorded that dropping the provenance call made tests
fail, but the log it wrote down did not say *which line* had been mutated. An evidence
entry that cannot be replayed is not evidence, so the experiment was performed again on
`ef33dfd9` with the anchor, the replacement and the resulting diff written into the
transcript itself before anything was run.

**The mutation.** `InstallLayout::commit` is the only path by which an uploaded artifact
acquires a permanent name on a host. Its checks run in a stated order -- length, digest,
provenance, platform header, and only then `rename`. Exactly one line was removed:

    --- a/crates/codegen/chaos-engine/src/remote/install.rs
    +++ b/crates/codegen/chaos-engine/src/remote/install.rs
    @@ -201,7 +201,7 @@
                     "uploaded artifact has sha256 {actual}, expected {expected_sha256}"
                 ));
             }
    -        self.provenance.check_file(staged, signature)?;
    +        let _ = (staged, signature);

Nothing else was touched: the length floor, the digest comparison, the platform-header
read, the version directory, the atomic pointer move and the post-publish re-read all
stay as they are. That is the realistic regression shape -- a reviewer resolves a conflict
and the one call that consulted the signing policy disappears while everything around it
still looks cared-for. The `let` binding is there so the mutation is a pure deletion
rather than also an unused-variable error.

**Baseline, measured before anything was touched** (so no question about stale artifacts
can arise), `RUST_MIN_STACK=16777216 cargo test -p chaos-engine --offline --locked --lib -- <filter>`:

    remote::install      test result: ok. 20 passed; 0 failed; ... 170 filtered out
    remote::client       test result: ok. 30 passed; 0 failed; ... 160 filtered out
    remote::provenance   test result: ok. 15 passed; 0 failed; ... 175 filtered out

**With the line removed:**

    remote::install      test result: FAILED. 16 passed; 4 failed; ... exit=101
    remote::client       test result: FAILED. 28 passed; 2 failed; ... exit=101
    remote::provenance   test result: ok. 15 passed; 0 failed; ... exit=0

Six tests fail only under the mutation. Their panic messages are quoted verbatim, because
the payload each one prints is the actual claim -- an `Ok` outcome where a refusal was
required:

    remote::install::tests::an_unsigned_artifact_never_reaches_a_permanent_name
      panicked at crates/codegen/chaos-engine/src/remote/install.rs:748:14:
      an unsigned artifact must not become current: CommitOutcome { version: "2.0.0", previous: Some("1.0.0"), rolled_back: false }

    remote::install::tests::an_artifact_swapped_under_a_recomputed_digest_is_refused
      panicked at crates/codegen/chaos-engine/src/remote/install.rs:784:14:
      a matching digest is not a trusted artifact: CommitOutcome { version: "2.0.0", previous: None, rolled_back: false }

    remote::install::tests::a_signature_from_a_key_this_host_does_not_trust_is_refused
      panicked at crates/codegen/chaos-engine/src/remote/install.rs:802:10:
      another publisher's signature is not this publisher's: CommitOutcome { version: "1.0.0", previous: None, rolled_back: false }

    remote::install::tests::a_provenance_refusal_names_the_check_and_the_fix
      panicked at crates/codegen/chaos-engine/src/remote/install.rs:838:14:
      an unparseable signature is not a signature: CommitOutcome { version: "1.0.0", previous: None, rolled_back: false }

    remote::client::tests::an_unsigned_deploy_is_refused_by_a_host_that_requires_provenance
      panicked at crates/codegen/chaos-engine/src/remote/client.rs:1771:14:
      this host does not install unsigned builds: InstallOutcome { version: "1.0.0", current: true, previous_version: None }

    remote::client::tests::a_deploy_whose_bytes_were_swapped_keeps_the_previous_version
      panicked at crates/codegen/chaos-engine/src/remote/client.rs:1822:14:
      the digest matches the swap; the signature does not: InstallOutcome { version: "2.0.0", current: true, previous_version: Some("1.0.0") }

`current: true` in the last two is the sentence this whole change exists to prevent: an
artifact nobody can attribute has become the one the host boots.

**`remote::provenance` staying green is the expected half of the result, and a trap for a
reader.** Those 15 tests call `ProvenancePolicy::check`/`check_file` directly, so they
describe the policy, not the wiring. Deleting the call site cannot redden them. "The
provenance tests pass" therefore says nothing about whether the host enforces anything --
enforcement lives or dies in `install.rs` and is covered by the `install`/`client` names
above. Any future claim about this row has to cite those, not the policy's own tests.

**Restore.** `sha256(pristine) = 938a8130f2ef7d993df76ad468a6c2b29dc48415bb088dc8fe8ec2d6944a25f1`;
after copying the backup back, `sha256(after)` is the same value and `cmp` exits 0. The
three filters were then run a third time -- `20 / 30 / 15 passed, 0 failed` again -- because
byte-identical *source* sitting on top of a binary built from mutated source would still
be a lie about the tree.

**A defect in the mutation harness itself, found on the first attempt and worth recording.**
The first version of the script mutated the file, ran the tests, restored, and only then
ran the unmutated baseline. It reported the baseline as failing the same 4 + 2 tests as the
mutation, i.e. it measured the mutation twice and called the second pass the control. Two
independent causes, both of which can manufacture a green mutation run:

- `shutil.copy2` deliberately restores the backup's *mtime*, which is older than the build
  cargo produced from the mutated source. Cargo fingerprints sources by mtime, so it saw a
  source older than its own artifact, skipped the rebuild, and re-ran the mutated binary.
  Fix: `os.utime(path, None)` after every content change, including the restore.
- Ordering. A baseline taken after the experiment is a claim about a tree that has already
  been edited. Fix: measure the baseline first and refuse to continue if it is not green --
  the script now exits 4 with `ABORT: the baseline is not green` rather than produce a
  number nobody can interpret. That abort path was exercised for real by the first run.

**Reproducing it by hand** (no scratch directory involved; `touch` is load-bearing, for the
reason above):

    f=crates/codegen/chaos-engine/src/remote/install.rs
    cp "$f" /tmp/install.rs.pristine
    sed -i 's|^        self\.provenance\.check_file(staged, signature)?;$|        let _ = (staged, signature);|' "$f"
    touch "$f"
    RUST_MIN_STACK=16777216 cargo test -p chaos-engine --offline --locked --lib -- remote::install
    RUST_MIN_STACK=16777216 cargo test -p chaos-engine --offline --locked --lib -- remote::client
    RUST_MIN_STACK=16777216 cargo test -p chaos-engine --offline --locked --lib -- remote::provenance
    cp /tmp/install.rs.pristine "$f" && touch "$f" && cmp /tmp/install.rs.pristine "$f" && echo restored

**What this re-run does not add.** It is a re-measurement, not a new capability: no new host
was involved, no new artifact was signed, and the limits recorded above still stand -- every
remote-deploy assertion in this file is Linux x86_64, and the Docker lab's 130 acceptance
checks run against one container image. The claim stays "a host that requires provenance
refuses an artifact it cannot attribute, and four install tests plus two client tests fail
loudly if that enforcement is removed".
