设置面板第一次说出的是「应答我的那个进程」：九个区域的值全部来自 host 自述，Safe Web Mode 拦截清单与真实 socket 逐条对上
================================================================================================================================

日期：2026-10-03
提交：本轮（协议新增 `get_host_info`/`host_info`，Safe Web Mode 策略从 Web  crate 上提到引擎，设置面板九区渲染，Web 端快捷键表与 shell 接线）
被记录的对象：
  crates/codegen/chaos-engine/src/lib.rs                `HostInfo`/`SafeModeRefusal`/`get_host_info` 处理器、`safe_mode_tag`、
                                                        `SAFE_MODE_REFUSALS`（19 条）、`with_host_info`，+402 行
  crates/codegen/chaos-engine/src/protocol_schema.rs    `get_host_info`/`host_info`/`HostInfo`/`SafeModeRefusal` 四条镜像
  apps/chaos-ui/src/generated/protocol.ts               由上一条重新生成（两道协议门见第 3 节）
  apps/chaos-ui/src/settings.ts                         新增 306 行：九个区域的行内容与告警全部由 `HostInfo`+`Settings` 推导
  apps/chaos-ui/src/settings.test.ts                    新增 14 条
  apps/chaos-ui/src/shortcuts.ts                        新增 119 行：快捷键表、`matchShortcut`、`formatShortcut`/`ariaShortcut`
  apps/chaos-ui/src/shortcuts.test.ts                   新增 11 条
  apps/chaos-ui/src/session.ts                          `host_info` 投影进 `SessionState.hostInfo`
  apps/chaos-ui/src/session.test.ts                     新增 4 条
  apps/chaos-ui/src/main.tsx                            设置页重写为九区渲染；shell 级快捷键监听，+252/−108
  apps/chaos-ui/src/style.css                           设置面板栅格、告警配色、窄屏单列，+117
  apps/chaos-ui/e2e/settings-panel.pw.ts                新增 4 例（两个视口共 8 次运行）
  apps/chaos-ui/playwright.config.ts                    三处 testMatch 收录新文件
  crates/codegen/xai-grok-web/src/lib.rs                `safe_mode_allows` 改为委托引擎；serve 入口回报真实绑定地址
  crates/codegen/xai-grok-web/tests/host_info_flow.rs   新增 455 行 / 4 例

本文件自包含：每段输出都从当轮真实运行里逐字抄下，命令写在 `$` 行上。


第 1 节  之前是什么状态
-----------------------

设置页此前只有两个输入框（model、Base URL）加一句状态，其余什么都没有。TODO 上那条
「覆盖通用、外观、模型、Provider、权限、安全、快捷键、远程和更新」因此一直是 `[ ]`。

难点不在画九个卡片，而在于**面板凭什么说自己是对的**。版本、绑定地址、状态后端、工作区根、
是否要求 token、预览代理开到哪一档、Safe Web Mode 拦下哪些操作——这些只有服务端进程知道。
前端如果自己写一份常量，那么「Safe Web Mode 拦下 19 类操作」这句话在主机其实只拦 18 类的时候
依然会显示 19，而读者会把它当成安全边界。所以这一轮的全部设计围绕一件事：面板只能转述应答它的
那个进程说的话。


第 2 节  协议上新增的两个消息
----------------------------

引擎侧（`serde` 的 `tag = "type"`，wire tag 是 snake_case）：

    ClientMessage::GetHostInfo { client_msg_id }
    ServerMessage::HostInfo { info: HostInfo }

`GetHostInfo` 一并加进了 `client_msg_id` 去重分支——HTTP 侧创建会话那条路证明过：不去重的重试会
让同一件事发生两次，这里虽然只读，但重复请求同样应当命中缓存的 `Ack`。

`HostInfo` 的字段：`host_version`、`protocol_version`、`bind_addr`、`state_backend`、
`safe_web_mode`、`workspace_root`、`token_required`、`public_origin`、`preview_proxy`、
`preview_ports`、`update_mode`、`safe_mode_refusals`。后两类里 `SafeModeRefusal { message, capability }`
把「哪条消息被拒」和「用户因此少掉什么能力」成对给出，例如：

    ("propose_file_write", "把文件写进工作区")

Safe Web Mode 的策略本身也从 `xai-grok-web` 上提进引擎（`safe_mode_tag` + `SAFE_MODE_REFUSALS`，
19 条 + 一个穷尽 33 个变体的 `match`）。理由很直接：拦截发生在传输层，但「拦了什么」这句话现在要被
面板引用，两处各写一份就必然漂移。Web crate 的 `safe_mode_allows` 只剩一行委托。


第 3 节  协议镜像的两道门
--------------------------

TypeScript 镜像是手工维护的常量，由 `cargo run -p chaos-engine --bin chaos-protocol-schema` 生成，
两道门都要过：

    $ bash scripts/ci/check-gui-protocol.sh
    GUI protocol types are up to date
    GUI-PROTOCOL-EXIT=0

    $ python3 scripts/ci/check-protocol-mirror.py
    check-protocol-mirror: the mirror covers every protocol message and field
    MIRROR-EXIT=0

前者比对字节，后者解析真实的 Rust 枚举做双向核对（Rust 有而 TS 没有、TS 有而 Rust 没有、字段名/可选性
不一致都会红）。第 6 节会看到 TS 侧的快捷键测试同样不信注释。

这一轮顺带把 `check-gui-protocol.sh` 从 `scripts/ci/docker-entry-ci-only.tsv` 里搬进了
`scripts/verify-in-docker.sh --full` 的门列表。它过去记的理由是「入口自己的 cargo 门只到 check/clippy，
这道门要一次 dev 构建」；可 `--full` 本来就有 `cargo test --workspace`，跑完那一道时
`chaos-protocol-schema` 早就在 target 里了，这道门只剩一次 `cmp`。quick 模式不带它，所以「quick 之所以
quick」没有被牺牲。`check-guard-wiring.py` 现在的分类是 44 个门 / 39 个由入口执行 / 4 个 CI-only / 1 个豁免
（此前 38 / 5）。非空证明：把新加的那一行删掉，真实仓库的两条用例同时红——

      AssertionError: 1 != 0 :   scripts/ci/check-gui-protocol.sh runs in CI but not in scripts/verify-in-docker.sh; mirror it into the `gates` array or record what it needs in scripts/ci/docker-entry-ci-only.tsv

还原后 16 条用例重新全绿，文件按字节一致。


第 4 节  引擎不许 host 谎报
----------------------------

`serve_loopback_*` 在绑定之后调用 `engine.with_host_info(|info| …)`，而 `with_host_info` 收尾时会
**重新推导**三样东西：`state_backend`、`workspace_root`、`safe_mode_refusals`。也就是说调用方（将来
可能是任何拼装 host 的人）把这三项写成别的值会被覆盖。三条引擎测试盯的就是这句话：

    $ RUST_MIN_STACK=16777216 cargo test --offline --locked -p chaos-engine --lib -- safe_mode
    running 2 tests
    test tests::safe_mode_policy_never_refuses_the_read_only_surface ... ok
    test tests::safe_mode_tags_are_the_serde_wire_tags_of_every_message ... ok

    test result: ok. 2 passed; 0 failed; 0 ignored; 0 measured; 190 filtered out; finished in 0.00s

`safe_mode_tags_are_the_serde_wire_tags_of_every_message` 构造 33 个变体各一条样例消息，把
`safe_mode_tag()` 的返回值和 serde 真正打出来的 wire tag 逐个比对——策略表的键必须是线上那个字符串，
否则拦截会静默失配。`safe_mode_policy_never_refuses_the_read_only_surface` 则要求：清单里每个 tag
都必须真由某条消息产生，且 13 个只读 tag（含 `get_host_info` 本身）必须放行。

Web crate 那四条是端到端的：

    $ RUST_MIN_STACK=16777216 cargo test --offline --locked -p xai-grok-web --test host_info_flow
    running 4 tests
    test every_protocol_message_has_a_sample_to_ask_with ... ok
    test host_info_reports_the_process_that_answered ... ok
    test the_serving_process_reports_its_own_socket_and_version ... ok
    test the_refusal_list_matches_what_the_socket_actually_refuses ... ok

    test result: ok. 4 passed; 0 failed; 0 ignored; 0 measured; 0 filtered out; finished in 0.08s

其中 `host_info_reports_the_process_that_answered` 故意让 host 撒三个谎（`state_backend = Sqlite`、
`workspace_root = "/somewhere/else"`、`safe_mode_refusals = []`），再断言回来的是引擎的真实值；
`the_refusal_list_matches_what_the_socket_actually_refuses` 开一个真的 Safe Web Mode socket，把清单里
每个 tag 对应的消息真发一遍，要求「清单说有但 socket 放行了」和「socket 拒了但清单没列」两个集合都为空，
另有一条 `listed.len() >= 15` 防止清单被清空后两轮循环同时空转通过。


第 5 节  面板只渲染 host 报回来的东西
--------------------------------------

`settings.ts` 的输入是 `{ host, theme, model, baseUrl, hasApiKey, platform }`，输出九个区域：
general / appearance / model / provider / permissions / security / shortcuts / remote / updates。
`host === null` 时每一行都是同一句 `host 尚未回报`，而不是「127.0.0.1:8787」这类前端自己猜的值——
`NOT_LOADED` 就是这个常量。会点亮红色告警的条件是写死的判断，不是文案：绑定地址非回环、状态后端仅内存、
没设 token、预览代理放开到任意来源、Safe Web Mode 已开启。

拦截清单的措辞随模式变，数字来自清单长度本身：

    $ npx vitest run src/settings.test.ts   （见第 8 节变异 2 的失败原文）
    ✓ words the withheld-capability list for the mode the host is actually in

第 8 节的变异会证明这个数字不是写上去的。


第 6 节  真实浏览器里的读法
----------------------------

`e2e/settings-panel.pw.ts` 四例，桌面 1440×1000 与 390×844 各跑一遍。入口用的是键盘：

    await page.keyboard.press('Control+5')
    await expect(page.getByTestId('settings-host-pending')).toHaveCount(0)

这一句同时证明监听器、`get_host_info` 请求、以及「等到 host 真的回答了才开始断言」。之后是对着
**应答的那个进程**核对：

    await expect(rowValue(page, 'general-bind')).toHaveText(`127.0.0.1:${backendPort}`)

`backendPort` 来自 runner 注入的 `CHAOS_E2E_BACKEND_PORT`，页面显示的是 socket 实际拿到的地址，两者
应当同源；`general-state` 必须含「仅内存」且带 `warn` 类（夹具没配 `CHAOS_WEB_STATE`）；
`security-token` 必须含「未设置」且带 `warn`（夹具把 `CHAOS_WEB_TOKEN` 设为空）。拦截清单不只数个数，
还要求汇总句里写的数字等于列表长度：

    const announced = Number(((await page.getByTestId('safe-mode-refusal-summary').textContent()) ?? '').match(/(\d+) 类操作/)?.[1] ?? -1)
    expect(await refusals.count()).toBe(announced)

第三例是写路径：填 model 与 Base URL → 点「保存设置」→ `session-status` 变成「设置已更新」→
`model-current` / `provider-base-url` 两行随 host 的应答更新。第四例覆盖快捷键的边界：`aria-keyshortcuts`
确实挂在按钮上，Ctrl+2/3/7/1 能切面板，Ctrl+K 聚焦输入框，裸按 `2` 仍然只是往输入框里打字，
`Alt+Control+5` 什么都不做（Alt 是窗口管理器的）。

    $ npx playwright test settings-panel
      ✓  1 [desktop-chromium] › e2e/settings-panel.pw.ts:22:1 › the settings panel reports the process it is actually talking to (1.3s)
      ✓  2 [desktop-chromium] › e2e/settings-panel.pw.ts:67:1 › the theme control changes the page and outlives a reload (1.8s)
      ✓  3 [desktop-chromium] › e2e/settings-panel.pw.ts:92:1 › the model and provider controls still write through to the host (1.2s)
      ✓  4 [desktop-chromium] › e2e/settings-panel.pw.ts:106:1 › the number keys reach the panels and the composer keeps its own keys (1.1s)
      ✓  5 [mobile-chromium] › e2e/settings-panel.pw.ts:22:1 › the settings panel reports the process it is actually talking to (1.1s)
      ✓  6 [mobile-chromium] › e2e/settings-panel.pw.ts:67:1 › the theme control changes the page and outlives a reload (1.7s)
      ✓  7 [mobile-chromium] › e2e/settings-panel.pw.ts:92:1 › the model and provider controls still write through to the host (1.2s)
      ✓  8 [mobile-chromium] › e2e/settings-panel.pw.ts:106:1 › the number keys reach the panels and the composer keeps its own keys (1.0s)

      8 passed (13.2s)

主题这一例特意跨了一次 `page.reload()`，并检查 `localStorage` 里的 `"theme":"system"`，因为「切了主题」
和「下次打开还是这个主题」是两件事。窄屏那一条还断言 `scrollWidth - clientWidth <= 0`，即 390 宽下
面板没有把页面撑出横向滚动。


第 7 节  axe 抓到的两处，都是新写的标记造成的
----------------------------------------------

`workspace-flow.pw.ts:256` 会在切换每个面板后跑一次 axe。设置页换上新结构后它红了两次（两个视口）：

    Error: expect(received).toEqual(expected) // deep equality
    - Array []
    + Array [
    +   Object {
    +     "id": "definition-list",
    +     "impact": "serious",
    +   },
    +   Object {
    +     "id": "scrollable-region-focusable",
    +     "impact": "serious",
    +   },
    + ]
      269 |     expect(results.violations.map(({ id, impact }) => ({ id, impact }))).toEqual([])

两条都成立，不是误报：`<dl>` 里我放了 `<div><dt>…</dt><dd>…</dd><p>说明</p></div>`，那个 `<p>` 不是
合法的 `dl` 子元素；拦截清单容器写了 `max-height: 220px; overflow-y: auto`，却没写 `tabindex`，
键盘用户滚不动它。修法分别是：说明改成第二个 `<dd>`（合法，且样式仍走 `.settings-row-note`），
内层滚动整个去掉（清单本来就 19 条，撑不爆面板）。

顺带说明这条修复的副作用：e2e 里 `rowValue()` 原本取 `locator('dd')`，第二个 `<dd>` 出现后触发
Playwright strict mode，四例同时红：

    Error: strict mode violation: getByTestId('general-version').locator('dd') resolved to 2 elements:

这一层是测试写法问题，不是页面问题，`rowValue()` 改为取第一个 `<dd>`（值永远是第一个，说明在最后）后
8/8 恢复。这一红是新修复引入的，写在这是为了让读者知道两件事的先后。


第 8 节  非空证明
------------------

每台变异都是改生产代码、跑真测试、按字节还原（`cmp`）。

1) 引擎清单里把 `approve` 写成 `aproove`（行号是 `cargo fmt` 之后的那份文件）：

    thread 'tests::safe_mode_policy_never_refuses_the_read_only_surface' (828706) panicked at crates/codegen/chaos-engine/src/lib.rs:4531:21:
    aproove is listed as refused but no client message carries that tag
    test result: FAILED. 1 passed; 1 failed; 0 ignored; 0 measured; 190 filtered out; finished in 0.00s

2) `settings.ts` 把清单条数写成常量（`const count = 9`）：

    FAIL  src/settings.test.ts > settings categories > words the withheld-capability list for the mode the host is actually in
    Expected: "2 类操作"
    Received: "Safe Web Mode 已开启，下面 9 类操作会被直接拒绝，浏览器上点亮的按钮也一样。"
          Tests  1 failed | 13 passed (14)

3) 删掉 shell 里 `theme:cycle` 那一行分发（快捷键表还写着这条，行为却没了）：

    FAIL  src/shortcuts.test.ts > shortcut wiring in the shell > performs every action the table advertises
    - 'theme:cycle'
    + function runShortcut(id: string) { … if (id === 'run:cancel') return cancel() … }
          Tests  1 failed | 10 passed (11)

4) 把 `matchShortcut` 的「Ctrl 与 Cmd 只能有一个」放宽成 `modCount < 1`：

    FAIL  src/shortcuts.test.ts > shortcut table > requires exactly one of Ctrl and Cmd, so a stray Meta does not fire a binding
    AssertionError: expected 'run:cancel' to be null
          Tests  1 failed | 10 passed (11)

5) `host_info_flow.rs` 里让服务实际监听 `port + 1`，测试仍打 `port`（见第 9 节那条抖动）：

    thread 'the_serving_process_reports_its_own_socket_and_version' (665622) panicked at crates/codegen/xai-grok-web/tests/host_info_flow.rs:424:9:
    the server never answered get_host_info; last attempt: connect to 127.0.0.1:38159: IO error: Connection refused (os error 111); serve task already finished: false
    test result: FAILED. 0 passed; 1 failed; 0 ignored; 0 measured; 3 filtered out; finished in 20.01s

变异 5 同时是那条抖动的修复证明：修之前这段代码是**第一次 connect 被拒就 panic**，重试循环形同虚设；
修之后它会一直重试到 20 秒上限，并把最后一次失败原因和服务任务是否已退出一起打出来。
五个变异的还原文件均与原文件逐字节一致（脚本 `restored=True` 四连 + 第 5 条 `RESTORED-BYTE-IDENTICAL`）。


第 9 节  整套浏览器回归，以及负载对时序类用例的影响
----------------------------------------------------

四例是新增的，回归要跑全套。四轮的结果如下，命令都是 `npm run test:e2e`（runner 自己挑空闲端口、
起 `target/debug/chaos-web` 与 vite）：

    轮 A（新面板刚加上，axe 修复之前）      4 failed / 43 passed
    轮 B（axe 修复之后，e2e 定位器修复之前）4 failed / 43 passed
    轮 C（e2e 定位器修复之后）              47 passed (1.8m)
    轮 D（与整批 cargo test 并发，见下）    2 failed / 45 passed

轮 A 的两次红是本文件第 7 节那两条 axe 违规（`workspace-flow.pw.ts:256` 两个视口），另两次是
`reconnect-snapshot.pw.ts:164`（两个视口），当时该用例单独跑是过的；轮 B 之后它再没红过，我也没有
把它的消失归因于自己的改动。轮 B 的 4 次红全部是第 7 节末尾那个 strict mode 定位器，属于我自己的测试。
轮 C 是干净的 47/47。

轮 D 是在与 `cargo test -p chaos-engine -p xai-grok-web` 整批并发时跑的，同一台 28 核机器当时的
load average 是 32.4：

    ✘  13 [desktop-chromium] › e2e/tool-activity.pw.ts:10:1 › tool activity events from the live browser WebSocket render and complete an activity card (6.5s)
    ✘  38 [mobile-chromium] › e2e/workspace-flow.pw.ts:116:1 › timeline follows new responses at the bottom and preserves a reader anchor when scrolled up (4.1s)
    2 failed
    45 passed (1.7m)

两条都是时序敏感类用例（工具活动卡片要在超时内变成「已完成」、时间线要在滚动后锚住原文），与设置面板、
快捷键、host 自述都没有代码交集；其中一条的失败上下文里能看到卡片确实渲染出来了、只是还没进入完成态：

    14 × locator resolved to <li class="tool-activity" aria-label="工具 fixture.inspect 已完成">…</li>

轮 D 之后没有再并发跑任何 cargo，全套重跑一次：

    $ uptime
     11:51:23 up 9 days, 14:13,  2 users,  load average: 24.57, 26.20, 28.76
    $ npm run test:e2e 2>&1 | grep -E "✘|×|failed|passed" | tail -12
      47 passed (1.3m)
    $ uptime
     11:52:44 up 9 days, 14:14,  2 users,  load average: 25.82, 26.26, 28.57

轮 E 起步时 load average 是 24.6——那是刚结束的 Docker 全轮留下的余温（`uptime` 的 1 分钟均值要几分钟
才降下来），所以严格说这不是"空机"。但它是**没有并发重活**的状态，而轮 D 是 32.4 且还在爬升；同一个
套件在 C 与 E 两轮都是 47/47，只有并发跑着 cargo 整批的那一轮掉了两条时序用例。

结论写在第 10 节：这一轮**不声称**浏览器全套在任何负载下都稳定，只声称在没有并发重活时重复跑通过两次，
并把负载数字一并留下，避免下一个人把机器挤满之后把这两条当成产品缺陷。

本地门禁扫了一遍（`scripts/verify-in-docker.sh` 里不依赖容器的 21 道门的等价命令），结果是 20 道 PASS、
1 道 FAIL，失败的是第一道 `cargo fmt --all -- --check`：引擎那段新测试的格式 rustfmt 不认，转录里
`Diff in …/chaos-engine/src/lib.rs:4339 …` 一共 10 处。`cargo fmt --all` 之后 `--check` 干净，受影响的
只有 `chaos-engine/src/lib.rs` 一个文件；格式化会挪动行号，所以第 8 节变异 1 的 `4531:21` 是**格式化之后**
重新跑出来重抄的，那一轮变异与还原都在格式化过的树上完成，还原后 `cmp` 一致。

前端其余检查：

    $ npm run typecheck            # 含 e2e/ 目录
    （无输出，exit 0）

    $ npx vitest run
     ✓ src/session-wiring.test.ts (1 test) 10ms
     ✓ src/composer.test.ts (7 tests) 14ms
     ✓ src/layout.test.ts (4 tests) 9ms
     ✓ src/transport.test.ts (3 tests) 14ms
     ✓ src/shortcuts.test.ts (11 tests) 30ms
     ✓ src/settings.test.ts (14 tests) 16ms
     ✓ src/workspace-ui.test.ts (6 tests) 12ms
     ✓ src/session.test.ts (29 tests) 30ms
     ✓ src/attachments.test.ts (10 tests) 930ms
     Test Files  9 passed (9)
          Tests  85 passed (85)

Rust 侧两个 crate 的全量（含 lib、全部集成测试与 doctest）：

    $ RUST_MIN_STACK=16777216 cargo test --offline --locked -p chaos-engine -p xai-grok-web
    39 个 target，342 条通过，0 条失败。逐 target 的 `test result: ok. N passed` 汇总如下
    （`awk '/^test result: ok\./ {s+=$4; n++} END {print "targets="n, "passed="s}'`）：

      chaos-engine    lib 192 · bin chaos-remote 13 · bin chaos-remote-server 10 · attachment_protocol 3
                      · git_edges 3 · marketplace_scan 1 · remote_cli 3 · remote_workspace 13
                      · tui_import 3 · workspace_session 4 · chaos-protocol-schema 0            = 245
      xai-grok-web    lib 31 · adapter_flow 1 · approval_competition_flow 1 · approval_resume_flow 1
                      · archive_last_workspace_flow 1 · archive_workspace_flow 1
                      · archived_approval_flow 1 · attachment_flow 1 · git_confirmation_flow 1
                      · git_real_flow 1 · host_info_flow 4 · host_startup 8 · local_policy_flow 3
                      · m1_flow 4 · marketplace_scan 1 · persistence_flow 1 · preview_proxy 14
                      · provider_http_flow 13 · question_flow 1 · question_resume_flow 1
                      · safe_mode_flow 2 · sqlite_entry_flow 2 · websocket_flow 1
                      · workspace_diff_flow 1 · workspace_flow 1 · bin chaos-web 0               = 97
      两个 crate 的 Doc-tests 各 0 条

    注意 `local_policy_flow.rs` 那 3 条里有 `finished in 20.01s` 的一条（附件分片落盘），
    这一批整体是在与 Playwright 并发下跑的，见第 9 节关于负载的说明。

严格 clippy 也过：

    $ RUST_MIN_STACK=16777216 cargo clippy --offline --locked -p chaos-engine -p xai-grok-web --all-targets -- -D warnings
        Checking chaos-engine v0.1.0 (/home/chaos/hunt/dev/projects/chaos-code/crates/codegen/chaos-engine)
        Checking xai-grok-web v0.1.0 (/home/chaos/hunt/dev/projects/chaos-code/crates/codegen/xai-grok-web)
        Finished `dev` profile [unoptimized] target(s) in 1m 14s


第 10 节  这份记录不是什么
---------------------------

- 面板**能读**不等于**能改**。九个区域里可写的只有主题（写本机 localStorage）、model 与 Base URL
  （走既有 `update_settings`）。API Key 那一行只显示 host 侧配没配，凭据存储方案仍等 M-1 选型。
- 快捷键区域是**只读展示**当前实现里真实生效的 10 条绑定，不是可编辑的按键映射表；也没有引入
  任何 TUI 侧的 action/registry 概念。
- `host_info` 里的 `bind_addr`、`token_required`、`preview_*` 来自进程自己的环境装配，
  证明的是「面板说的就是进程知道的」；至于这些值在真实部署里是否正确（例如公网反代后的真实来源），
  仍属 `docs/verification/web-deployment-tls-linux-2026-10-02.log` 那条部署验证的范围。
- 浏览器证据全部来自 Linux 上的 Chromium（1440×1000 与 390×844 两个视口）。macOS/Windows/Tauri
  的 WebView 未参与本轮；axe 扫描也不替代屏幕阅读器实机验收。
- `scripts/verify-in-docker.sh` 这个入口**不跑** Playwright，因此上面 47/45 这些数字不在 Docker 全轮
  的门数之内，两边的结论不能互相顶替。
- 轮 D 说明这一套 e2e 在机器被挤满时会抖；把它当成产品缺陷或当成"永远稳定"都是错的读法。
